[backblue.gif]
[fade.gif]
[index.html]
[www.alliancelaptoptraining.com.np/front/img/logo.png]
[widget.manychat.com/389847987797526.js]
[www.alliancelaptoptraining.com.np/img/setting/5acf402de720a-headerLogo.png]
[www.alliancelaptoptraining.com.np/front/img/headerRight.png]
[www.alliancelaptoptraining.com.np/index.html]
[www.alliancelaptoptraining.com.np/front/stylesheets/reset.css]
[www.alliancelaptoptraining.com.np/front/stylesheets/main.css]
[www.alliancelaptoptraining.com.np/front/stylesheets/kitenepal/css/kitenepal.min.css]
[maxcdn.bootstrapcdn.com/font-awesome/4.7.0/css/font-awesome.min.css]
[cdnjs.cloudflare.com/ajax/libs/baguettebox.js/1.8.1/baguetteBox.min.css]
[www.alliancelaptoptraining.com.np/front/stylesheets/aos.css]
[www.alliancelaptoptraining.com.np/home.html]
[www.alliancelaptoptraining.com.np/front/img/1.jpg]
[www.alliancelaptoptraining.com.np/front/img/2.jpg]
[www.alliancelaptoptraining.com.np/index-2.html]
[www.alliancelaptoptraining.com.np/front/img/3.jpg]
[www.alliancelaptoptraining.com.np/about.html]
[www.alliancelaptoptraining.com.np/front/img/hero4.jpg]
[www.alliancelaptoptraining.com.np/front/img/hero5.jpg]
[www.alliancelaptoptraining.com.np/img/media/5b345ec44d4cb-IMG_2140.jpg]
[www.alliancelaptoptraining.com.np/course/1.html]
[www.alliancelaptoptraining.com.np/img/media/5b345c9f839c8-IMG_2127.jpg]
[www.alliancelaptoptraining.com.np/img/media/5b3458d95444a-IMG_2126.jpg]
[www.alliancelaptoptraining.com.np/course/2.html]
[www.alliancelaptoptraining.com.np/img/media/5acc8b98902db-44.jpg]
[www.alliancelaptoptraining.com.np/img/media/5acc8b9146508-43.jpg]
[www.alliancelaptoptraining.com.np/img/media/5acc8ba2090db-45.jpg]
[www.alliancelaptoptraining.com.np/course/3.html]
[www.alliancelaptoptraining.com.np/img/media/5acc8b8539b6a-41.jpg]
[www.alliancelaptoptraining.com.np/img/media/5acc8b7c8f59d-40.jpg]
[www.alliancelaptoptraining.com.np/course/4.html]
[www.alliancelaptoptraining.com.np/front/js/gotop.js]
[www.alliancelaptoptraining.com.np/front/img/firstLoad.jpg]
[www.alliancelaptoptraining.com.np/course/23.html]
[www.alliancelaptoptraining.com.np/front/js/jquery-2.1.1.js]
[www.alliancelaptoptraining.com.np/course/24.html]
[www.alliancelaptoptraining.com.np/front/js/navbar.js]
[www.alliancelaptoptraining.com.np/front/js/gallery.js]
[www.alliancelaptoptraining.com.np/course/5.html]
[www.alliancelaptoptraining.com.np/front/js/kitenepal.js]
[www.alliancelaptoptraining.com.np/front/js/aos.js]
[www.alliancelaptoptraining.com.np/course/6.html]
[www.alliancelaptoptraining.com.np/front/js/notice.js]
[www.alliancelaptoptraining.com.np/front/img/background.jpg]
[www.alliancelaptoptraining.com.np/course/25.html]
[3.bp.blogspot.com/-GZOBULN1Q4s/VbNxQrf37EI/AAAAAAAAAPk/rak337seJ70/s1600/Ask.png]
[www.alliancelaptoptraining.com.np/course/27.html]
[www.alliancelaptoptraining.com.np/course/9.html]
[www.alliancelaptoptraining.com.np/course/10.html]
[www.alliancelaptoptraining.com.np/course/11.html]
[www.alliancelaptoptraining.com.np/course/12.html]
[www.alliancelaptoptraining.com.np/course/13.html]
[www.alliancelaptoptraining.com.np/course/16.html]
[www.alliancelaptoptraining.com.np/course/14.html]
[www.alliancelaptoptraining.com.np/course/26.html]
[www.alliancelaptoptraining.com.np/course/17.html]
[www.alliancelaptoptraining.com.np/course/18.html]
[www.alliancelaptoptraining.com.np/course/19.html]
[www.alliancelaptoptraining.com.np/gallery.html]
[tctechcrunch2011.files.wordpress.com/2015/09/shutterstock_286900829.jpg]
[www.alliancelaptoptraining.com.np/img/media/5acc8b5d47f38-39.jpg]
[cdnjs.cloudflare.com/ajax/libs/baguettebox.js/1.8.1/baguetteBox.min.js]
[i0.wp.com/www.tech-coffee.net/wp-content/uploads/2017/01/cpu-imagesf36b.jpg]
[www.alliancelaptoptraining.com.np/front_blog.html]
[www.alliancelaptoptraining.com.np/img/media/5acc8b55ac95f-38.jpg]
[www.alliancelaptoptraining.com.np/repair.html]
[www.alliancelaptoptraining.com.np/img/media/5acc8b4ea48aa-37.jpg]
[www.alliancelaptoptraining.com.np/img/media/5acc8b4607c46-36.jpg]
[www.alliancelaptoptraining.com.np/img/media/5acc8b3e0b248-35.jpg]
[www.alliancelaptoptraining.com.np/sales.html]
[www.alliancelaptoptraining.com.np/img/media/5acc8b349a121-35.jpg]
[www.alliancelaptoptraining.com.np/img/media/5acc8b2a946bd-34.jpg]
[www.alliancelaptoptraining.com.np/img/media/5acc8b177a0c3-32.jpg]
[www.alliancelaptoptraining.com.np/img/media/5acc8b226e5b2-33.jpg]
[www.alliancelaptoptraining.com.np/student-result.html]
[www.alliancelaptoptraining.com.np/img/media/5acc8b0ea2003-31.jpg]
[www.alliancelaptoptraining.com.np/img/media/5acc8b0733a7e-30.jpg]
[www.alliancelaptoptraining.com.np/img/media/5acc8affea3a1-28.jpg]
[www.alliancelaptoptraining.com.np/successfulstudents.html]
[www.alliancelaptoptraining.com.np/contact.html]
[www.alliancelaptoptraining.com.np/front/js/jquery.min.html]
