[backblue.gif]
[fade.gif]
[index.html]
[www.alliancelaptoptraining.com.np/front/img/logo.png]
[maxcdn.bootstrapcdn.com/font-awesome/4.7.0/css/font-awesome.min.css]
[cdnjs.cloudflare.com/ajax/libs/baguettebox.js/1.8.1/baguetteBox.min.css]
[widget.manychat.com/389847987797526.js]
[www.alliancelaptoptraining.com.np/img/setting/5acf402de720a-headerLogo.png]
[www.alliancelaptoptraining.com.np/front/img/headerRight.png]
[www.alliancelaptoptraining.com.np/front/img/1.jpg]
[www.alliancelaptoptraining.com.np/front/img/2.jpg]
[www.alliancelaptoptraining.com.np/front/img/3.jpg]
[www.alliancelaptoptraining.com.np/front/img/hero4.jpg]
[www.alliancelaptoptraining.com.np/front/img/hero5.jpg]
[www.alliancelaptoptraining.com.np/img/media/5b345ec44d4cb-IMG_2140.jpg]
[www.alliancelaptoptraining.com.np/img/media/5b345c9f839c8-IMG_2127.jpg]
[www.alliancelaptoptraining.com.np/img/media/5b3458d95444a-IMG_2126.jpg]
[www.alliancelaptoptraining.com.np/img/media/5acc8ba2090db-45.jpg]
[www.alliancelaptoptraining.com.np/img/media/5acc8b98902db-44.jpg]
[www.alliancelaptoptraining.com.np/img/media/5acc8b9146508-43.jpg]
[www.alliancelaptoptraining.com.np/img/media/5acc8b8539b6a-41.jpg]
[www.alliancelaptoptraining.com.np/img/media/5acc8b7c8f59d-40.jpg]
[www.alliancelaptoptraining.com.np/front/img/firstLoad.jpg]
[www.alliancelaptoptraining.com.np/front/js/gotop.js]
[www.alliancelaptoptraining.com.np/front/js/jquery-2.1.1.js]
[www.alliancelaptoptraining.com.np/front/js/navbar.js]
[www.alliancelaptoptraining.com.np/front/js/gallery.js]
[cdnjs.cloudflare.com/ajax/libs/baguettebox.js/1.8.1/baguetteBox.min.js]
[www.alliancelaptoptraining.com.np/front/js/kitenepal.js]
[www.alliancelaptoptraining.com.np/front/js/aos.js]
[www.alliancelaptoptraining.com.np/front/js/notice.js]
[www.alliancelaptoptraining.com.np/index.html]
[www.alliancelaptoptraining.com.np/front/stylesheets/reset.css]
[www.alliancelaptoptraining.com.np/front/img/background.jpg]
[tctechcrunch2011.files.wordpress.com/2015/09/shutterstock_286900829.jpg]
[i0.wp.com/www.tech-coffee.net/wp-content/uploads/2017/01/cpu-imagesf36b.jpg]
[3.bp.blogspot.com/-GZOBULN1Q4s/VbNxQrf37EI/AAAAAAAAAPk/rak337seJ70/s1600/Ask.png]
[www.alliancelaptoptraining.com.np/front/stylesheets/main.css]
[www.alliancelaptoptraining.com.np/front/stylesheets/kitenepal/css/kitenepal.min.css]
[maxcdn.bootstrapcdn.com/font-awesome/4.7.0/css/font-awesome.min.css]
[cdnjs.cloudflare.com/ajax/libs/baguettebox.js/1.8.1/baguetteBox.min.css]
[www.alliancelaptoptraining.com.np/front/stylesheets/aos.css]
[www.alliancelaptoptraining.com.np/home.html]
[www.alliancelaptoptraining.com.np/index-2.html]
[www.alliancelaptoptraining.com.np/about.html]
[www.alliancelaptoptraining.com.np/course/1.html]
[www.alliancelaptoptraining.com.np/course/2.html]
[www.alliancelaptoptraining.com.np/course/3.html]
[www.alliancelaptoptraining.com.np/course/4.html]
[www.alliancelaptoptraining.com.np/course/23.html]
[www.alliancelaptoptraining.com.np/course/24.html]
[www.alliancelaptoptraining.com.np/course/5.html]
[www.alliancelaptoptraining.com.np/course/6.html]
[www.alliancelaptoptraining.com.np/course/25.html]
[www.alliancelaptoptraining.com.np/course/27.html]
[www.alliancelaptoptraining.com.np/course/9.html]
[www.alliancelaptoptraining.com.np/course/10.html]
[www.alliancelaptoptraining.com.np/course/11.html]
[www.alliancelaptoptraining.com.np/course/12.html]
[www.alliancelaptoptraining.com.np/course/13.html]
[www.alliancelaptoptraining.com.np/course/16.html]
[www.alliancelaptoptraining.com.np/course/14.html]
[www.alliancelaptoptraining.com.np/course/26.html]
[www.alliancelaptoptraining.com.np/course/17.html]
[www.alliancelaptoptraining.com.np/course/18.html]
[www.alliancelaptoptraining.com.np/course/19.html]
[www.alliancelaptoptraining.com.np/img/media/5acc8b5d47f38-39.jpg]
[www.alliancelaptoptraining.com.np/img/media/5acc8b55ac95f-38.jpg]
[www.alliancelaptoptraining.com.np/img/media/5acc8b4ea48aa-37.jpg]
[www.alliancelaptoptraining.com.np/img/media/5acc8b4607c46-36.jpg]
[www.alliancelaptoptraining.com.np/img/media/5acc8b3e0b248-35.jpg]
[www.alliancelaptoptraining.com.np/img/media/5acc8b349a121-35.jpg]
[www.alliancelaptoptraining.com.np/img/media/5acc8b2a946bd-34.jpg]
[www.alliancelaptoptraining.com.np/img/media/5acc8b226e5b2-33.jpg]
[www.alliancelaptoptraining.com.np/img/media/5acc8b177a0c3-32.jpg]
[www.alliancelaptoptraining.com.np/img/media/5acc8b0ea2003-31.jpg]
[www.alliancelaptoptraining.com.np/img/media/5acc8b0733a7e-30.jpg]
[www.alliancelaptoptraining.com.np/img/media/5acc8affea3a1-28.jpg]
[www.alliancelaptoptraining.com.np/img/media/5acc8af2b1a6c-27.jpg]
[www.alliancelaptoptraining.com.np/img/media/5acc8ad37dbdb-25.jpg]
[www.alliancelaptoptraining.com.np/img/media/5acc8acbe43ff-24.jpg]
[www.alliancelaptoptraining.com.np/img/media/5acc8ac3814fe-23.jpg]
[www.alliancelaptoptraining.com.np/img/media/5acc82d0686c6-21.jpg]
[www.alliancelaptoptraining.com.np/img/media/5acc82c6cb0fe-19.jpg]
[www.alliancelaptoptraining.com.np/img/media/5acc82c01ffee-18.jpg]
[www.alliancelaptoptraining.com.np/img/media/5acc82b7cfd7e-17.jpg]
[www.alliancelaptoptraining.com.np/img/media/5acc82a922acd-16.jpg]
[www.alliancelaptoptraining.com.np/img/media/5acc829e7bd18-14.jpg]
[www.alliancelaptoptraining.com.np/img/media/5acc8287f3998-13.jpg]
[www.alliancelaptoptraining.com.np/img/media/5acc82800acce-12.jpg]
[www.alliancelaptoptraining.com.np/img/media/5acc81c40cabb-10.jpg]
[www.alliancelaptoptraining.com.np/img/media/5acc81b9a7b43-9.jpg]
[www.alliancelaptoptraining.com.np/img/media/5acc81b0b58a7-8.jpg]
[www.alliancelaptoptraining.com.np/img/media/5acc81a7d5869-7.jpg]
[www.alliancelaptoptraining.com.np/img/media/5acc81a09c94a-6.jpg]
[www.alliancelaptoptraining.com.np/img/media/5acc8197f346a-5.jpg]
[www.alliancelaptoptraining.com.np/img/media/5acc817c84e95-3.jpg]
[www.alliancelaptoptraining.com.np/img/media/5acc81742fcc1-2.jpg]
[www.alliancelaptoptraining.com.np/img/media/5acc8123206e3-1.jpg]
[www.alliancelaptoptraining.com.np/gallery.html]
[www.alliancelaptoptraining.com.np/img/students/image.png]
[www.alliancelaptoptraining.com.np/img/blog/5acc89b260d07-allaince-final.jpg]
[www.alliancelaptoptraining.com.np/img/blog/5acc879348899-allaince-final.jpg]
[www.alliancelaptoptraining.com.np/img/blog/5ac5351a9357b-alliance.jpg]
[www.alliancelaptoptraining.com.np/img/blog/5ac534b60ca2d-prabidhik.jpg]
[www.alliancelaptoptraining.com.np/img/blog/5ac53461c28cb-IMG_1383.jpg]
[www.alliancelaptoptraining.com.np/img/blog/5ac533c25c81a-alliance.jpg]
[www.alliancelaptoptraining.com.np/img/blog/5ac53395cd0a3-alliance.jpg]
[www.alliancelaptoptraining.com.np/img/blog/5ac5336bd20bf-alliance.jpg]
[www.alliancelaptoptraining.com.np/img/blog/5ac5326452041-alliance.jpg]
[www.alliancelaptoptraining.com.np/front_blog.html]
[www.alliancelaptoptraining.com.np/repair.html]
[www.alliancelaptoptraining.com.np/sales.html]
[www.alliancelaptoptraining.com.np/student-result.html]
[www.alliancelaptoptraining.com.np/img/students/5ad44485abfcb-student.jpg]
[www.alliancelaptoptraining.com.np/img/students/5ad4553646f84-santosh shah.jpg]
[www.alliancelaptoptraining.com.np/img/students/5ad44804e0e32-kotak shinh dhami.jpg]
[www.alliancelaptoptraining.com.np/img/students/5ad44977989e6-ramesh adhiakri.jpg]
[www.alliancelaptoptraining.com.np/img/students/5ad44bc3af863-vijaya khanal.jpg]
[www.alliancelaptoptraining.com.np/img/students/5ad44c1b22c32-Roshan Paudel Kshetri.jpg]
[www.alliancelaptoptraining.com.np/img/students/5ad44c4eea3ee-Niraj Katuwal.jpg]
[www.alliancelaptoptraining.com.np/img/students/5ad44ca27f7a2-Alok Adhikari.jpg]
[www.alliancelaptoptraining.com.np/img/students/5ad44cf2dd5f1-Rukesh Gwachha.jpg]
[www.alliancelaptoptraining.com.np/img/students/5ad44d1764eb8-Ash Gurung.jpg]
[www.alliancelaptoptraining.com.np/img/students/5ad44d3db2448-Prabin Shrestha.jpg]
[www.alliancelaptoptraining.com.np/img/students/5ad44ddad9e34-anil puri.jpg]
[www.alliancelaptoptraining.com.np/img/students/5ad44e0e5ef06-Devit Yonjan.jpg]
[www.alliancelaptoptraining.com.np/img/students/5ad44e45d335a-Vijay Pahari.jpg]
[www.alliancelaptoptraining.com.np/img/students/5ad44e9279225-hari kumar shrestha.jpg]
[www.alliancelaptoptraining.com.np/img/students/5ad4502db0536-bibak shahi.jpg]
[www.alliancelaptoptraining.com.np/img/students/5ad4517de257d-netra shrestha.jpg]
[www.alliancelaptoptraining.com.np/img/students/5ad45f71d044d-deven shakya.jpg]
[www.alliancelaptoptraining.com.np/img/students/5ad44f309b6a9-rtr rabin shrestha.jpg]
[www.alliancelaptoptraining.com.np/img/students/5ad44f7864d9a-saenchep rai.jpg]
[www.alliancelaptoptraining.com.np/img/students/5ad44fbc707ca-Manjil Shah.jpg]
[www.alliancelaptoptraining.com.np/img/students/5ad452e0b4602-sabin shrestha.jpg]
[www.alliancelaptoptraining.com.np/img/students/5ad4531aaa4ad-lalit magar.jpg]
[www.alliancelaptoptraining.com.np/img/students/5ad45389806da-sailendra maharjan.jpg]
[www.alliancelaptoptraining.com.np/img/students/5ad454f109400-binod pandey.jpg]
[www.alliancelaptoptraining.com.np/img/students/5ad455991321f-sandip khambu.jpg]
[www.alliancelaptoptraining.com.np/img/students/5ad455ec758b7-Ramkaji Dangol.jpg]
[www.alliancelaptoptraining.com.np/img/students/5ad4564504afc-Govinda Neupane.jpg]
[www.alliancelaptoptraining.com.np/img/students/5ad45699101de-Rajiev Maharjan.jpg]
[www.alliancelaptoptraining.com.np/img/students/5ad457430a695-lokendra singh kuwar.jpg]
[www.alliancelaptoptraining.com.np/img/students/5ad457c5b5dad-prakash bhattarai.jpg]
[www.alliancelaptoptraining.com.np/img/students/5ad4584a78557-sujan karki.jpg]
[www.alliancelaptoptraining.com.np/img/students/5ad459c75be3c-puskare pokheral.jpg]
[www.alliancelaptoptraining.com.np/img/students/5ad45a4a841e9-pankaj parajuli.jpg]
[www.alliancelaptoptraining.com.np/img/students/5ad45ecc5dc74-ishwor bhatta.jpg]
[www.alliancelaptoptraining.com.np/img/students/5ad45f27280d1-sandesh chaudharai.jpg]
[www.alliancelaptoptraining.com.np/img/students/5ad4547459428-candan dutta.jpg]
[www.alliancelaptoptraining.com.np/img/students/5ad45fb417bd1-jitu thapa.jpg]
[www.alliancelaptoptraining.com.np/img/students/5ad47bc1a1092-Sanjay Mahato.jpg]
[www.alliancelaptoptraining.com.np/img/students/5ad47b8e4d896-Ananda Pandey.jpg]
[www.alliancelaptoptraining.com.np/img/students/5ad47b3edce99-Santosh Dawadi.jpg]
[www.alliancelaptoptraining.com.np/img/students/5ad5cab915677-sudip adhikari.jpg]
[www.alliancelaptoptraining.com.np/img/students/5ad9bb81a8437-hem bro.jpg]
[www.alliancelaptoptraining.com.np/img/students/5ad9b5113a163-Purushotam Ghorsaine.jpg]
[www.alliancelaptoptraining.com.np/img/students/5ad9b6a188ed4-Saroj Acharya.jpg]
[www.alliancelaptoptraining.com.np/img/students/5ad9b73376132-Utsab Amatya.jpg]
[www.alliancelaptoptraining.com.np/img/students/5ad9ba52f179e-Soougat Neraula.jpg]
[www.alliancelaptoptraining.com.np/img/students/5ad9b77c1a21f-Santosh Rai.jpg]
[www.alliancelaptoptraining.com.np/img/students/5ad2148f6a8cb-suman ranjit.jpg]
[www.alliancelaptoptraining.com.np/img/students/5ccad80e8c97f-Jeevan Bc.jpg]
[www.alliancelaptoptraining.com.np/img/students/5ccad854141f9-Kumar Thapa.jpg]
[www.alliancelaptoptraining.com.np/img/students/5ccad8d043452-krishna mainali rohit.jpg]
[www.alliancelaptoptraining.com.np/img/students/5ccad8ebe680d-Chetan Sharma.jpg]
[www.alliancelaptoptraining.com.np/img/students/5ccad8ad31eaa-GO Cool Khatri.jpg]
[www.alliancelaptoptraining.com.np/img/students/5ccad954ecfa6-Ajay Sinha.jpg]
[www.alliancelaptoptraining.com.np/img/students/5ccad93490456-dhan prasad upadhyaya.jpg]
[www.alliancelaptoptraining.com.np/img/students/5ccbba42d7dcd-Bhuwan Bhattarai.jpg]
[www.alliancelaptoptraining.com.np/img/students/5ccbbb42de66c-Anil Shrestha.jpg]
[www.alliancelaptoptraining.com.np/img/students/5ccbbb63f393b-nc nc nc.jpg]
[www.alliancelaptoptraining.com.np/img/students/5ccbbbc048f2a-Ganesh Kshatri.jpg]
[www.alliancelaptoptraining.com.np/img/students/5ccbbbd5b2cc5-prakash singh dhanuk.jpg]
[www.alliancelaptoptraining.com.np/img/students/5ccbbbf59898a-barun kumar yadav.jpg]
[www.alliancelaptoptraining.com.np/img/students/5ccbbc6758530-Kshetri Avii Shek.jpg]
[www.alliancelaptoptraining.com.np/img/students/5ccbbccb8868c-Razzu Gurung.jpg]
[www.alliancelaptoptraining.com.np/img/students/5ccbbcae90011-Aashish Sharma.jpg]
[www.alliancelaptoptraining.com.np/img/students/5ccbbc8fe3a16-Thakuri Kumar Karan.jpg]
[www.alliancelaptoptraining.com.np/img/students/5ccad9f2d3911-dev thapa.jpg]
[www.alliancelaptoptraining.com.np/img/students/5ccbbb9dbd6b0-baburam bastola.jpg]
[www.alliancelaptoptraining.com.np/img/students/5ccbba8fb738e-bikash kc.jpg]
[www.alliancelaptoptraining.com.np/img/students/5ccad97fa0c76-Thapa Sushan.jpg]
[www.alliancelaptoptraining.com.np/img/students/5ccada17e9fb8-Hari Sharma.jpg]
[www.alliancelaptoptraining.com.np/img/students/5ccbbc2432ef5-Nabin Satyal.jpg]
[www.alliancelaptoptraining.com.np/img/students/5ccbf9aead82f-abi khakda.jpg]
[www.alliancelaptoptraining.com.np/img/students/5ccbfa29ba369-Ajay Shahgggg.jpg]
[www.alliancelaptoptraining.com.np/img/students/5ccbfa5727a79-anil shaw.jpg]
[www.alliancelaptoptraining.com.np/img/students/5ccbfa9596692-chhabi resham.jpg]
[www.alliancelaptoptraining.com.np/img/students/5ccbfae6b9775-suraj sunywar.jpg]
[www.alliancelaptoptraining.com.np/img/students/5ccbfbd94a932-Fadindra Subedi.jpg]
[www.alliancelaptoptraining.com.np/img/students/5ccbfd5fcadf1-kabir sing budhathoki.jpg]
[www.alliancelaptoptraining.com.np/img/students/5ccbfd8b3af5b-bibik rijal.jpg]
[www.alliancelaptoptraining.com.np/img/students/5ccbfdedb3c34-omes seresta.jpg]
[www.alliancelaptoptraining.com.np/img/students/5ccbfe45bde70-Surendra Pandeyhgjhgjj.jpg]
[www.alliancelaptoptraining.com.np/img/students/5ccbfe7d54d9f-sunil khakda.jpg]
[www.alliancelaptoptraining.com.np/img/students/5ccbfead20865-deven shakya.jpg]
[www.alliancelaptoptraining.com.np/img/students/5ccbff59b72f7-Sanam Sanam.jpg]
[www.alliancelaptoptraining.com.np/img/students/5ccbff99cb86e-Rohan Dongol.jpg]
[www.alliancelaptoptraining.com.np/img/students/5ccbffde6f654-Ashish samari.jpg]
[www.alliancelaptoptraining.com.np/img/students/5ccc00122fa14-shyam payser.jpg]
[www.alliancelaptoptraining.com.np/img/students/5ccc0037dfe3f-Ram Khadka fgfg.jpg]
[www.alliancelaptoptraining.com.np/successfulstudents.html]
[www.alliancelaptoptraining.com.np/contact.html]
[www.alliancelaptoptraining.com.np/front/js/jquery.min.html]
[1.bp.blogspot.com/-UR9I7YEuEUY/VXIJn8MrBPI/AAAAAAAAKRE/qZObHBd5zIo/s1600/rocket.png]
[www.alliancelaptoptraining.com.np/course/index.html]
